../Src/main.c:65:6:uSART_init	1
../Src/main.c:87:6:Uart_Write	2
../Src/main.c:94:6:idle_task	2
../Src/main.c:106:6:Task1_Handler	2
../Src/main.c:118:6:Task2_Handler	2
../Src/main.c:129:6:Task3_Handler	2
../Src/main.c:140:29:init_scheduler_stack	1
../Src/main.c:147:6:init_systick_timer	1
../Src/main.c:173:6:init_tasks_stack	3
../Src/main.c:225:6:enable_processor_faults	1
../Src/main.c:235:10:get_psp_value	1
../Src/main.c:242:6:save_psp_value	1
../Src/main.c:248:6:update_next_task	1
../Src/main.c:255:29:switch_sp_to_psp	1
../Src/main.c:287:29:SysTick_Handler	1
../Src/main.c:314:6:HardFault_Handler	1
../Src/main.c:321:6:MemManage_Handler	1
../Src/main.c:327:6:BusFault_Handler	1
../Src/main.c:335:5:main	1
