18:18:08 **** Incremental Build of configuration Debug for project ADCDEMO ****
make -j16 all 
arm-none-eabi-gcc "../Src/main.c" -mcpu=cortex-m4 -std=gnu11 -g3 -DDEBUG -DNUCLEO_F411RE -DSTM32 -DSTM32F4 -DSTM32F411RETx -c -I../Inc -O0 -ffunction-sections -fdata-sections -Wall -fstack-usage -fcyclomatic-complexity -MMD -MP -MF"Src/main.d" -MT"Src/main.o" --specs=nano.specs -mfpu=fpv4-sp-d16 -mfloat-abi=hard -mthumb -o "Src/main.o"
arm-none-eabi-gcc -o "ADCDEMO.elf" @"objects.list"   -mcpu=cortex-m4 -T"D:\STM32Cube IDE WorkSpace\ADCDEMO\STM32F411RETX_FLASH.ld" --specs=nosys.specs -Wl,-Map="ADCDEMO.map" -Wl,--gc-sections -static --specs=nano.specs -mfpu=fpv4-sp-d16 -mfloat-abi=hard -mthumb -Wl,--start-group -lc -lm -Wl,--end-group
C:/ST/STM32CubeIDE_1.18.1/STM32CubeIDE/plugins/com.st.stm32cube.ide.mcu.externaltools.gnu-tools-for-stm32.13.3.rel1.win32_1.0.0.202411081344/tools/bin/../lib/gcc/arm-none-eabi/13.3.1/../../../../arm-none-eabi/bin/ld.exe: warning: ADCDEMO.elf has a LOAD segment with RWX permissions
Finished building target: ADCDEMO.elf
 
arm-none-eabi-size  ADCDEMO.elf 
arm-none-eabi-objdump -h -S ADCDEMO.elf  > "ADCDEMO.list"
   text	   data	    bss	    dec	    hex	filename
   5376	    128	   1904	   7408	   1cf0	ADCDEMO.elf
Finished building: default.size.stdout
 
Finished building: ADCDEMO.list
 

18:18:11 Build Finished. 0 errors, 1 warnings. (took 3s.135ms)

